---
source: crates/compiler/src/tokens/tests.rs
assertion_line: 12
expression: "Token::lexer(&text).spanned().map(|(token, span)|\n                                      Output(token, span.clone(),\n                                             &text[span]).to_string()).collect::<Vec<_>>().join(\"\\n\")"
input_file: toys/simple.toy

---
KwFn @ 0..2
IDENT @ 3..4: f
ParenOpen @ 4..5
ParenClose @ 5..6
Colon @ 6..7
BraceOpen @ 8..9
BraceClose @ 9..10
