---
source: compiler/toyc-ast/tests/syntax.rs
assertion_line: 8
expression: "ast::parse::file().parse_recovery(tokens)"

---
(
    Some(
        File {
            attrs: [],
            items: [
                Item {
                    attrs: [],
                    vis: None,
                    item_kind: Function(
                        Function {
                            extern_: None,
                            ident: f @ 3..4,
                            generic_params: None,
                            params: [],
                            return_type: None,
                            body: Some(
                                Expr {
                                    primary: CodeBlock(
                                        CodeBlock {
                                            statements: [],
                                            trailing: None,
                                            span: Span {
                                                lo: 9,
                                                hi: 9,
                                            },
                                        },
                                    ),
                                    args: None,
                                    span: Span {
                                        lo: 8,
                                        hi: 10,
                                    },
                                },
                            ),
                            span: Span {
                                lo: 0,
                                hi: 10,
                            },
                        },
                    ),
                    span: Span {
                        lo: 0,
                        hi: 10,
                    },
                },
            ],
            span: Span {
                lo: 0,
                hi: 10,
            },
        },
    ),
    [],
)
