---
source: crates/syntax/tests/tokens.rs
assertion_line: 9
expression: "Token::lexer(&text).spanned().map(|(token, span)|\n                                      Output(token, span.clone(),\n                                             &text[span]).to_string()).collect::<Vec<_>>().join(\"\\n\")"

---
KwExtern @ 0..6
StrLit @ 7..10: "C"
KwFn @ 11..13
Ident @ 14..20: answer
LeftParen @ 20..21
RightParen @ 21..22
Returns @ 23..25
Ident @ 26..28: i8
Colon @ 28..29
LeftBrace @ 30..31
NumLit @ 32..34: 42
RightBrace @ 35..36
KwExtern @ 38..44
StrLit @ 45..48: "C"
KwFn @ 49..51
Ident @ 52..56: ping
LeftParen @ 56..57
RightParen @ 57..58
Returns @ 59..61
Ident @ 62..67: usize
Colon @ 67..68
LeftBrace @ 69..70
Ident @ 71..75: ping
LeftParen @ 75..76
RightParen @ 76..77
RightBrace @ 78..79
KwExtern @ 81..87
StrLit @ 88..91: "C"
KwFn @ 92..94
Ident @ 95..99: pong
LeftParen @ 99..100
RightParen @ 100..101
Returns @ 102..104
Ident @ 105..110: usize
Semi @ 110..111
