---
source: crates/syntax/src/tokens/tests.rs
assertion_line: 34
expression: "Token::lexer(&text).spanned().map(|(token, span)|\n                                      Output(token, span.clone(),\n                                             &text[span]).to_string()).collect::<Vec<_>>().join(\"\\n\")"

---
KwFn @ 0..2
Ident @ 3..13: return_str
LeftParen @ 13..14
RightParen @ 14..15
Returns @ 16..18
Ampersand @ 19..20
Ident @ 20..23: str
Colon @ 23..24
StrLit @ 25..38: "hello world"
KwFn @ 40..42
Ident @ 43..53: return_num
LeftParen @ 53..54
RightParen @ 54..55
Returns @ 56..58
Ident @ 59..61: i8
Colon @ 61..62
LeftBrace @ 63..64
NumLit @ 65..67: 42
RightBrace @ 68..69
