---
source: crates/syntax/src/tokens/tests.rs
assertion_line: 34
expression: "Token::lexer(&text).spanned().map(|(token, span)|\n                                      Output(token, span.clone(),\n                                             &text[span]).to_string()).collect::<Vec<_>>().join(\"\\n\")"

---
KwFn @ 0..2
Ident @ 3..13: return_str
LeftParen @ 13..14
RightParen @ 14..15
Returns @ 16..18
Ampersand @ 19..20
Ident @ 20..23: str
Colon @ 23..24
LeftBrace @ 25..26
StrLit @ 27..40: "hello world"
RightBrace @ 41..42
KwFn @ 44..46
Ident @ 47..57: return_num
LeftParen @ 57..58
RightParen @ 58..59
Returns @ 60..62
Ident @ 63..65: i8
Colon @ 65..66
LeftBrace @ 67..68
NumLit @ 69..71: 42
RightBrace @ 72..73
