---
source: crates/compiler/src/tokens/tests.rs
assertion_line: 14
expression: "Token::lexer(&text).spanned().map(|(token, span)|\n                                      Output(token, span.clone(),\n                                             &text[span]).to_string()).collect::<Vec<_>>().join(\"\\n\")"
input_file: toys/empty.toy

---
